Archive member included because of file (symbol)

/home/rtems/rtems_hyper/pok_wspace/pok-20120509/libpok/libpok.a(arch.lo)
                              main.o (pok_do_syscall)
/home/rtems/rtems_hyper/pok_wspace/pok-20120509/libpok/libpok.a(core.lo)
                              main.o (pok_thread_attr_init)
/home/rtems/rtems_hyper/pok_wspace/pok-20120509/libpok/libpok.a(libc.lo)
                              main.o (printf)

Allocating common symbols
Common symbol       size              file

pok_allocator_memspace
                    0x8000            /home/rtems/rtems_hyper/pok_wspace/pok-20120509/libpok/libpok.a(core.lo)
errno               0x4               /home/rtems/rtems_hyper/pok_wspace/pok-20120509/libpok/libpok.a(core.lo)
pok_threads         0x8               main.o
pok_allocator_spaces
                    0x4b0             /home/rtems/rtems_hyper/pok_wspace/pok-20120509/libpok/libpok.a(core.lo)

Memory Configuration

Name             Origin             Length             Attributes
*default*        0x0000000000000000 0xffffffffffffffff

Linker script and memory map

                0x0000000000000000                . = 0x0
                0x0000000000000000                __partition_begin = .

.text           0x0000000000000000      0xbfc
 *(.text)
 .text          0x0000000000000000      0x109 main.o
                0x0000000000000000                main
 *fill*         0x0000000000000109        0x3 00
 .text          0x000000000000010c       0x1f activity.o
                0x000000000000010c                thr2_job
 *fill*         0x000000000000012b        0x1 00
 .text          0x000000000000012c       0x1a subprograms.o
                0x000000000000012c                test__hello_part2
 *fill*         0x0000000000000146        0x2 00
 .text          0x0000000000000148        0x0 gtypes.o
 .text          0x0000000000000148       0x94 ../../../hello2.o
                0x0000000000000148                bsp_start
 .text          0x00000000000001dc       0x13 /home/rtems/rtems_hyper/pok_wspace/pok-20120509/libpok/libpok.a(arch.lo)
                0x00000000000001dc                pok_do_syscall
 *fill*         0x00000000000001ef        0x1 00
 .text          0x00000000000001f0      0x480 /home/rtems/rtems_hyper/pok_wspace/pok-20120509/libpok/libpok.a(core.lo)
                0x00000000000001f0                pok_allocator_allocate
                0x000000000000030e                pok_allocator_delete_space
                0x000000000000034a                pok_allocator_merge_space
                0x0000000000000429                pok_allocator_free
                0x0000000000000510                __pok_partition_start
                0x0000000000000530                pok_thread_create
                0x0000000000000580                pok_thread_attr_init
                0x00000000000005cc                pok_thread_period
                0x0000000000000620                pok_thread_status
 .text          0x0000000000000670      0x58c /home/rtems/rtems_hyper/pok_wspace/pok-20120509/libpok/libpok.a(libc.lo)
                0x000000000000098f                vprintf
                0x0000000000000b0b                printf
                0x0000000000000b34                memcpy
                0x0000000000000b60                rand
                0x0000000000000b98                free
                0x0000000000000bb8                malloc
                0x0000000000000bd8                calloc

.iplt           0x0000000000000bfc        0x0
 .iplt          0x0000000000000000        0x0 main.o

.rodata         0x0000000000000c00       0x7d
 *(.rodata)
 .rodata        0x0000000000000c00       0x7d /home/rtems/rtems_hyper/pok_wspace/pok-20120509/libpok/libpok.a(libc.lo)

.rodata.str1.1  0x0000000000000c7d       0x1c
 .rodata.str1.1
                0x0000000000000c7d        0x7 main.o
 .rodata.str1.1
                0x0000000000000c84       0x15 ../../../hello2.o

.rodata.str1.4  0x0000000000000c9c       0xe8
 .rodata.str1.4
                0x0000000000000c9c       0x2c main.o
 .rodata.str1.4
                0x0000000000000cc8       0xbc ../../../hello2.o
                                         0xb9 (size before relaxing)

.rel.dyn        0x0000000000000d84        0x0
 .rel.iplt      0x0000000000000000        0x0 main.o
 .rel.text      0x0000000000000000        0x0 main.o

.data           0x0000000000000da0     0x8590
 *(.data)
 .data          0x0000000000000da0        0x0 main.o
 .data          0x0000000000000da0        0x0 activity.o
 .data          0x0000000000000da0        0x0 subprograms.o
 .data          0x0000000000000da0        0x0 gtypes.o
 .data          0x0000000000000da0        0x0 ../../../hello2.o
 .data          0x0000000000000da0        0x0 /home/rtems/rtems_hyper/pok_wspace/pok-20120509/libpok/libpok.a(arch.lo)
 .data          0x0000000000000da0        0x0 /home/rtems/rtems_hyper/pok_wspace/pok-20120509/libpok/libpok.a(core.lo)
 .data          0x0000000000000da0        0x4 /home/rtems/rtems_hyper/pok_wspace/pok-20120509/libpok/libpok.a(libc.lo)
 *(.bss)
 .bss           0x0000000000000da4        0x0 main.o
 .bss           0x0000000000000da4        0x0 activity.o
 .bss           0x0000000000000da4        0x0 subprograms.o
 .bss           0x0000000000000da4        0x0 gtypes.o
 .bss           0x0000000000000da4        0x0 ../../../hello2.o
 .bss           0x0000000000000da4        0x0 /home/rtems/rtems_hyper/pok_wspace/pok-20120509/libpok/libpok.a(arch.lo)
 .bss           0x0000000000000da4        0x8 /home/rtems/rtems_hyper/pok_wspace/pok-20120509/libpok/libpok.a(core.lo)
                0x0000000000000da4                pok_allocator_used_spaces
                0x0000000000000da8                pok_allocator_initialized
 *fill*         0x0000000000000dac       0x14 00
 .bss           0x0000000000000dc0       0x84 /home/rtems/rtems_hyper/pok_wspace/pok-20120509/libpok/libpok.a(libc.lo)
 *(COMMON)
 COMMON         0x0000000000000e44        0x8 main.o
                0x0000000000000e44                pok_threads
 *fill*         0x0000000000000e4c       0x14 00
 COMMON         0x0000000000000e60     0x84d0 /home/rtems/rtems_hyper/pok_wspace/pok-20120509/libpok/libpok.a(core.lo)
                0x0000000000000e60                pok_allocator_memspace
                0x0000000000008e60                errno
                0x0000000000008e80                pok_allocator_spaces
                0x0000000000009330                __partition_end = .
LOAD main.o
LOAD activity.o
LOAD subprograms.o
LOAD gtypes.o
LOAD ../../../hello2.o
LOAD /home/rtems/rtems_hyper/pok_wspace/pok-20120509/libpok/libpok.a
OUTPUT(part2.elf elf32-i386)

.igot.plt       0x0000000000009330        0x0
 .igot.plt      0x0000000000000000        0x0 main.o

.debug_abbrev   0x0000000000000000      0xcc6
 .debug_abbrev  0x0000000000000000       0xd9 main.o
 .debug_abbrev  0x00000000000000d9       0x76 activity.o
 .debug_abbrev  0x000000000000014f       0x27 subprograms.o
 .debug_abbrev  0x0000000000000176        0x1 gtypes.o
 .debug_abbrev  0x0000000000000177       0x73 ../../../hello2.o
 .debug_abbrev  0x00000000000001ea       0xbb /home/rtems/rtems_hyper/pok_wspace/pok-20120509/libpok/libpok.a(arch.lo)
 .debug_abbrev  0x00000000000002a5      0x428 /home/rtems/rtems_hyper/pok_wspace/pok-20120509/libpok/libpok.a(core.lo)
 .debug_abbrev  0x00000000000006cd      0x5f9 /home/rtems/rtems_hyper/pok_wspace/pok-20120509/libpok/libpok.a(libc.lo)

.debug_info     0x0000000000000000     0x247e
 .debug_info    0x0000000000000000      0x378 main.o
 .debug_info    0x0000000000000378      0x16a activity.o
 .debug_info    0x00000000000004e2       0x38 subprograms.o
 .debug_info    0x000000000000051a        0x0 gtypes.o
 .debug_info    0x000000000000051a       0xc9 ../../../hello2.o
 .debug_info    0x00000000000005e3      0x2ce /home/rtems/rtems_hyper/pok_wspace/pok-20120509/libpok/libpok.a(arch.lo)
 .debug_info    0x00000000000008b1      0xe10 /home/rtems/rtems_hyper/pok_wspace/pok-20120509/libpok/libpok.a(core.lo)
 .debug_info    0x00000000000016c1      0xdbd /home/rtems/rtems_hyper/pok_wspace/pok-20120509/libpok/libpok.a(libc.lo)

.debug_line     0x0000000000000000      0xbc5
 .debug_line    0x0000000000000000      0x156 main.o
 .debug_line    0x0000000000000156       0x87 activity.o
 .debug_line    0x00000000000001dd       0x40 subprograms.o
 .debug_line    0x000000000000021d        0x0 gtypes.o
 .debug_line    0x000000000000021d       0xa4 ../../../hello2.o
 .debug_line    0x00000000000002c1       0xb9 /home/rtems/rtems_hyper/pok_wspace/pok-20120509/libpok/libpok.a(arch.lo)
 .debug_line    0x000000000000037a      0x45f /home/rtems/rtems_hyper/pok_wspace/pok-20120509/libpok/libpok.a(core.lo)
 .debug_line    0x00000000000007d9      0x3ec /home/rtems/rtems_hyper/pok_wspace/pok-20120509/libpok/libpok.a(libc.lo)

.debug_loc      0x0000000000000000      0x60d
 .debug_loc     0x0000000000000000       0x1e main.o
 .debug_loc     0x000000000000001e       0x3c ../../../hello2.o
 .debug_loc     0x000000000000005a       0xae /home/rtems/rtems_hyper/pok_wspace/pok-20120509/libpok/libpok.a(core.lo)
 .debug_loc     0x0000000000000108      0x505 /home/rtems/rtems_hyper/pok_wspace/pok-20120509/libpok/libpok.a(libc.lo)

.debug_pubnames
                0x0000000000000000      0x349
 .debug_pubnames
                0x0000000000000000       0x2b main.o
 .debug_pubnames
                0x000000000000002b       0x1f activity.o
 .debug_pubnames
                0x000000000000004a       0x28 subprograms.o
 .debug_pubnames
                0x0000000000000072       0x20 ../../../hello2.o
 .debug_pubnames
                0x0000000000000092       0x25 /home/rtems/rtems_hyper/pok_wspace/pok-20120509/libpok/libpok.a(arch.lo)
 .debug_pubnames
                0x00000000000000b7      0x1dc /home/rtems/rtems_hyper/pok_wspace/pok-20120509/libpok/libpok.a(core.lo)
 .debug_pubnames
                0x0000000000000293       0xb6 /home/rtems/rtems_hyper/pok_wspace/pok-20120509/libpok/libpok.a(libc.lo)

.debug_pubtypes
                0x0000000000000000      0x4e1
 .debug_pubtypes
                0x0000000000000000       0x73 main.o
 .debug_pubtypes
                0x0000000000000073       0x20 activity.o
 .debug_pubtypes
                0x0000000000000093       0x1e ../../../hello2.o
 .debug_pubtypes
                0x00000000000000b1       0x59 /home/rtems/rtems_hyper/pok_wspace/pok-20120509/libpok/libpok.a(arch.lo)
 .debug_pubtypes
                0x000000000000010a      0x20b /home/rtems/rtems_hyper/pok_wspace/pok-20120509/libpok/libpok.a(core.lo)
 .debug_pubtypes
                0x0000000000000315      0x1cc /home/rtems/rtems_hyper/pok_wspace/pok-20120509/libpok/libpok.a(libc.lo)

.debug_aranges  0x0000000000000000      0x220
 .debug_aranges
                0x0000000000000000       0x20 main.o
 .debug_aranges
                0x0000000000000020       0x20 activity.o
 .debug_aranges
                0x0000000000000040       0x20 subprograms.o
 .debug_aranges
                0x0000000000000060       0x20 ../../../hello2.o
 .debug_aranges
                0x0000000000000080       0x20 /home/rtems/rtems_hyper/pok_wspace/pok-20120509/libpok/libpok.a(arch.lo)
 .debug_aranges
                0x00000000000000a0       0xc0 /home/rtems/rtems_hyper/pok_wspace/pok-20120509/libpok/libpok.a(core.lo)
 .debug_aranges
                0x0000000000000160       0xc0 /home/rtems/rtems_hyper/pok_wspace/pok-20120509/libpok/libpok.a(libc.lo)

.debug_str      0x0000000000000000      0xd09
 .debug_str     0x0000000000000000      0x77b main.o
                                        0x7af (size before relaxing)
 .debug_str     0x000000000000077b       0x14 activity.o
                                        0x35f (size before relaxing)
 .debug_str     0x000000000000078f       0x20 subprograms.o
                                         0x9c (size before relaxing)
 .debug_str     0x00000000000007af       0x2a ../../../hello2.o
                                        0x11d (size before relaxing)
 .debug_str     0x00000000000007d9       0x7f /home/rtems/rtems_hyper/pok_wspace/pok-20120509/libpok/libpok.a(arch.lo)
                                        0x6b8 (size before relaxing)
 .debug_str     0x0000000000000858      0x20b /home/rtems/rtems_hyper/pok_wspace/pok-20120509/libpok/libpok.a(core.lo)
                                       0x1c2f (size before relaxing)
 .debug_str     0x0000000000000a63      0x2a6 /home/rtems/rtems_hyper/pok_wspace/pok-20120509/libpok/libpok.a(libc.lo)
                                       0x107b (size before relaxing)

.comment        0x0000000000000000       0x2c
 .comment       0x0000000000000000       0x2c main.o
                                         0x2d (size before relaxing)
 .comment       0x0000000000000000       0x2d activity.o
 .comment       0x0000000000000000       0x2d subprograms.o
 .comment       0x0000000000000000       0x2d gtypes.o
 .comment       0x0000000000000000       0x2d ../../../hello2.o
 .comment       0x0000000000000000       0xb4 /home/rtems/rtems_hyper/pok_wspace/pok-20120509/libpok/libpok.a(arch.lo)
 .comment       0x0000000000000000      0x5a0 /home/rtems/rtems_hyper/pok_wspace/pok-20120509/libpok/libpok.a(core.lo)
 .comment       0x0000000000000000      0x276 /home/rtems/rtems_hyper/pok_wspace/pok-20120509/libpok/libpok.a(libc.lo)

.note.GNU-stack
                0x0000000000000000        0x0
 .note.GNU-stack
                0x0000000000000000        0x0 main.o
 .note.GNU-stack
                0x0000000000000000        0x0 activity.o
 .note.GNU-stack
                0x0000000000000000        0x0 subprograms.o
 .note.GNU-stack
                0x0000000000000000        0x0 gtypes.o
 .note.GNU-stack
                0x0000000000000000        0x0 ../../../hello2.o
 .note.GNU-stack
                0x0000000000000000        0x0 /home/rtems/rtems_hyper/pok_wspace/pok-20120509/libpok/libpok.a(arch.lo)
 .note.GNU-stack
                0x0000000000000000        0x0 /home/rtems/rtems_hyper/pok_wspace/pok-20120509/libpok/libpok.a(core.lo)
 .note.GNU-stack
                0x0000000000000000        0x0 /home/rtems/rtems_hyper/pok_wspace/pok-20120509/libpok/libpok.a(libc.lo)

.debug_frame    0x0000000000000000      0x560
 .debug_frame   0x0000000000000000       0x34 main.o
 .debug_frame   0x0000000000000034       0x2c activity.o
 .debug_frame   0x0000000000000060       0x34 subprograms.o
 .debug_frame   0x0000000000000094       0x3c ../../../hello2.o
 .debug_frame   0x00000000000000d0       0x38 /home/rtems/rtems_hyper/pok_wspace/pok-20120509/libpok/libpok.a(arch.lo)
 .debug_frame   0x0000000000000108      0x1b4 /home/rtems/rtems_hyper/pok_wspace/pok-20120509/libpok/libpok.a(core.lo)
 .debug_frame   0x00000000000002bc      0x2a4 /home/rtems/rtems_hyper/pok_wspace/pok-20120509/libpok/libpok.a(libc.lo)

.debug_ranges   0x0000000000000000       0x30
 .debug_ranges  0x0000000000000000       0x30 /home/rtems/rtems_hyper/pok_wspace/pok-20120509/libpok/libpok.a(libc.lo)
